*****************************************************
DSP Fixed Point COFF Linker     Version 6.40
*****************************************************
Mon May 16 16:50:54 1994

OUTPUT FILE NAME:   <board_test.exe>
ENTRY POINT SYMBOL: "_c_int0"  address: 00000bae


MEMORY CONFIGURATION

           name      origin     length     attributes     fill
         --------   --------   ---------   ----------   --------
PAGE 0: ON_CHIP    00000030   000001fd0      RWIX      

PAGE 1: REGS       00000000   000000060      RWIX      
         SCRATCH_   00000060   000000020      RWIX      
         INT_DRAM   00000100   000000400      RWIX      
         INT_SRAM   00000800   000000400      RWIX      
         EXT_RAM    00000c00   00000f400      RWIX      


SECTION ALLOCATION MAP

 output                                  attributes/
section   page    origin      length       input sections
--------  ----  ----------  ----------   ----------------
.text      0    00000030    00000c00     
                  00000030    00000b7e     board_test.obj (.text)
                  00000bae    00000026     rts50.lib : boot.obj (.text)
                  00000bd4    0000000f               : lsl.obj (.text)
                  00000be3    0000004d               : exit.obj (.text)

.cinit     0    00000c30    00000253     
                  00000c30    0000024f     board_test.obj (.cinit)
                  00000e7f    00000003     rts50.lib : exit.obj (.cinit)
                  00000e82    00000001     --HOLE-- [fill = 0000]

.stack     1    00000100    00000064     UNINITIALIZED

.bss       1    00000180    000002a5     UNINITIALIZED
                  00000180    00000284     board_test.obj (.bss)
                  00000404    00000021     rts50.lib : exit.obj (.bss)

.data      1    00000c00    00000000     UNINITIALIZED


GLOBAL SYMBOLS

address  name                             address  name
-------- ----                             -------- ----
00000180 .bss                             00000030 .text
00000c00 .data                            00000064 __STACK_SIZE
00000030 .text                            00000180 _Input
00000bd4 L$$SL                            00000180 .bss
00000180 _Input                           000003c0 _LAW
000003c0 _LAW                             00000425 end
00000064 __STACK_SIZE                     00000b02 _reset_encoder
00000c24 _abort                           00000b12 _encoder
00000c04 _atexit                          00000b40 _reset_decoder
00000bae _c_int0                          00000b50 _decoder
00000b50 _decoder                         00000b80 _main
00000b12 _encoder                         00000bae _c_int0
00000be3 _exit                            00000bd4 L$$SL
00000b80 _main                            00000be3 _exit
00000b40 _reset_decoder                   00000c00 .data
00000b02 _reset_encoder                   00000c00 edata
00000c30 cinit                            00000c04 _atexit
00000c00 edata                            00000c24 _abort
00000425 end                              00000c30 cinit
00000c30 etext                            00000c30 etext

[20 symbols]
